Category: 央视高清, Name: CCTV-1 综合, Total: 1, Valid: 0, Valid Percent: 0.00%, Whitelist: 0, IPv4: 0, IPv6: 1, Min Delay: -1 ms, Max Speed: 0.00 M/s, Avg Speed: 0.00 M/s, Max Resolution: None
Category: 央视高清, Name: CCTV-2 财经, Total: 1, Valid: 0, Valid Percent: 0.00%, Whitelist: 0, IPv4: 0, IPv6: 1, Min Delay: -1 ms, Max Speed: 0.00 M/s, Avg Speed: 0.00 M/s, Max Resolution: None
Category: 央视高清, Name: CCTV-3 综艺, Total: 1, Valid: 0, Valid Percent: 0.00%, Whitelist: 0, IPv4: 0, IPv6: 1, Min Delay: -1 ms, Max Speed: 0.00 M/s, Avg Speed: 0.00 M/s, Max Resolution: None
Category: 央视高清, Name: CCTV-4 中文国际, Total: 1, Valid: 0, Valid Percent: 0.00%, Whitelist: 0, IPv4: 0, IPv6: 1, Min Delay: -1 ms, Max Speed: 0.00 M/s, Avg Speed: 0.00 M/s, Max Resolution: None
Category: 央视高清, Name: CCTV-5 体育, Total: 1, Valid: 0, Valid Percent: 0.00%, Whitelist: 0, IPv4: 0, IPv6: 1, Min Delay: -1 ms, Max Speed: 0.00 M/s, Avg Speed: 0.00 M/s, Max Resolution: None
Category: 央视高清, Name: CCTV-5+ 体育赛事, Total: 1, Valid: 0, Valid Percent: 0.00%, Whitelist: 0, IPv4: 0, IPv6: 1, Min Delay: -1 ms, Max Speed: 0.00 M/s, Avg Speed: 0.00 M/s, Max Resolution: None
Category: 央视高清, Name: CCTV-6 电影, Total: 1, Valid: 0, Valid Percent: 0.00%, Whitelist: 0, IPv4: 0, IPv6: 1, Min Delay: -1 ms, Max Speed: 0.00 M/s, Avg Speed: 0.00 M/s, Max Resolution: None
Category: 央视高清, Name: CCTV-7 国防军事, Total: 1, Valid: 0, Valid Percent: 0.00%, Whitelist: 0, IPv4: 0, IPv6: 1, Min Delay: -1 ms, Max Speed: 0.00 M/s, Avg Speed: 0.00 M/s, Max Resolution: None
Category: 央视高清, Name: CCTV-8 电视剧, Total: 1, Valid: 0, Valid Percent: 0.00%, Whitelist: 0, IPv4: 0, IPv6: 1, Min Delay: -1 ms, Max Speed: 0.00 M/s, Avg Speed: 0.00 M/s, Max Resolution: None
Category: 央视高清, Name: CCTV-9 纪录, Total: 1, Valid: 0, Valid Percent: 0.00%, Whitelist: 0, IPv4: 0, IPv6: 1, Min Delay: -1 ms, Max Speed: 0.00 M/s, Avg Speed: 0.00 M/s, Max Resolution: None
Category: 央视高清, Name: CCTV-10 科教, Total: 1, Valid: 0, Valid Percent: 0.00%, Whitelist: 0, IPv4: 0, IPv6: 1, Min Delay: -1 ms, Max Speed: 0.00 M/s, Avg Speed: 0.00 M/s, Max Resolution: None
Category: 央视高清, Name: CCTV-11 戏曲, Total: 1, Valid: 0, Valid Percent: 0.00%, Whitelist: 0, IPv4: 0, IPv6: 1, Min Delay: -1 ms, Max Speed: 0.00 M/s, Avg Speed: 0.00 M/s, Max Resolution: None
Category: 央视高清, Name: CCTV-12 社会与法, Total: 1, Valid: 0, Valid Percent: 0.00%, Whitelist: 0, IPv4: 0, IPv6: 1, Min Delay: -1 ms, Max Speed: 0.00 M/s, Avg Speed: 0.00 M/s, Max Resolution: None
Category: 央视高清, Name: CCTV-13 新闻, Total: 1, Valid: 0, Valid Percent: 0.00%, Whitelist: 0, IPv4: 0, IPv6: 1, Min Delay: -1 ms, Max Speed: 0.00 M/s, Avg Speed: 0.00 M/s, Max Resolution: None
Category: 央视高清, Name: CCTV-14 少儿, Total: 1, Valid: 0, Valid Percent: 0.00%, Whitelist: 0, IPv4: 0, IPv6: 1, Min Delay: -1 ms, Max Speed: 0.00 M/s, Avg Speed: 0.00 M/s, Max Resolution: None
Category: 央视高清, Name: CCTV-15 音乐, Total: 1, Valid: 0, Valid Percent: 0.00%, Whitelist: 0, IPv4: 0, IPv6: 1, Min Delay: -1 ms, Max Speed: 0.00 M/s, Avg Speed: 0.00 M/s, Max Resolution: None
Category: 央视高清, Name: CCTV-16 奥林匹克, Total: 1, Valid: 0, Valid Percent: 0.00%, Whitelist: 0, IPv4: 0, IPv6: 1, Min Delay: -1 ms, Max Speed: 0.00 M/s, Avg Speed: 0.00 M/s, Max Resolution: None
Category: 央视高清, Name: CCTV-17 农业农村, Total: 1, Valid: 0, Valid Percent: 0.00%, Whitelist: 0, IPv4: 0, IPv6: 1, Min Delay: -1 ms, Max Speed: 0.00 M/s, Avg Speed: 0.00 M/s, Max Resolution: None
Category: 央视高清, Name: CCTV-4K 超高清, Total: 1, Valid: 0, Valid Percent: 0.00%, Whitelist: 0, IPv4: 0, IPv6: 1, Min Delay: -1 ms, Max Speed: 0.00 M/s, Avg Speed: 0.00 M/s, Max Resolution: None
Category: 央视高清, Name: CCTV-8K 超高清, Total: 1, Valid: 0, Valid Percent: 0.00%, Whitelist: 0, IPv4: 0, IPv6: 1, Min Delay: -1 ms, Max Speed: 0.00 M/s, Avg Speed: 0.00 M/s, Max Resolution: None
Category: 央视高清, Name: CETV-1 综合教育, Total: 1, Valid: 0, Valid Percent: 0.00%, Whitelist: 0, IPv4: 0, IPv6: 1, Min Delay: -1 ms, Max Speed: 0.00 M/s, Avg Speed: 0.00 M/s, Max Resolution: None
Category: 央视高清, Name: CETV-2 空中课堂, Total: 2, Valid: 0, Valid Percent: 0.00%, Whitelist: 0, IPv4: 0, IPv6: 2, Min Delay: -1 ms, Max Speed: 0.00 M/s, Avg Speed: 0.00 M/s, Max Resolution: None
Category: 央视高清, Name: CETV-3 教育服务, Total: 3, Valid: 0, Valid Percent: 0.00%, Whitelist: 0, IPv4: 0, IPv6: 3, Min Delay: -1 ms, Max Speed: 0.00 M/s, Avg Speed: 0.00 M/s, Max Resolution: None
Category: 央视高清, Name: CETV-4 职业教育, Total: 3, Valid: 0, Valid Percent: 0.00%, Whitelist: 0, IPv4: 0, IPv6: 3, Min Delay: -1 ms, Max Speed: 0.00 M/s, Avg Speed: 0.00 M/s, Max Resolution: None
Category: 卫视高清, Name: 湖南卫视, Total: 115, Valid: 9, Valid Percent: 7.83%, Whitelist: 0, IPv4: 9, IPv6: 106, Min Delay: 6 ms, Max Speed: 22.46 M/s, Avg Speed: 9.63 M/s, Max Resolution: 1920x1080
Category: 卫视高清, Name: 浙江卫视, Total: 145, Valid: 4, Valid Percent: 2.76%, Whitelist: 0, IPv4: 4, IPv6: 141, Min Delay: 65 ms, Max Speed: 60.23 M/s, Avg Speed: 20.93 M/s, Max Resolution: None
Category: 卫视高清, Name: 东方卫视, Total: 101, Valid: 2, Valid Percent: 1.98%, Whitelist: 0, IPv4: 2, IPv6: 99, Min Delay: 91 ms, Max Speed: 13.72 M/s, Avg Speed: 9.48 M/s, Max Resolution: 1920x1080
Category: 卫视高清, Name: 北京卫视, Total: 106, Valid: 1, Valid Percent: 0.94%, Whitelist: 0, IPv4: 1, IPv6: 105, Min Delay: 8 ms, Max Speed: 13.70 M/s, Avg Speed: 13.70 M/s, Max Resolution: None
Category: 卫视高清, Name: 江苏卫视, Total: 91, Valid: 0, Valid Percent: 0.00%, Whitelist: 0, IPv4: 0, IPv6: 91, Min Delay: -1 ms, Max Speed: 0.00 M/s, Avg Speed: 0.00 M/s, Max Resolution: None
Category: 卫视高清, Name: 安徽卫视, Total: 29, Valid: 7, Valid Percent: 24.14%, Whitelist: 0, IPv4: 7, IPv6: 22, Min Delay: 105 ms, Max Speed: 112.85 M/s, Avg Speed: 77.57 M/s, Max Resolution: 1920x1080
Category: 卫视高清, Name: 重庆卫视, Total: 29, Valid: 1, Valid Percent: 3.45%, Whitelist: 0, IPv4: 1, IPv6: 28, Min Delay: 1765 ms, Max Speed: 12.01 M/s, Avg Speed: 12.01 M/s, Max Resolution: 1920x1080
Category: 卫视高清, Name: 东南卫视, Total: 30, Valid: 3, Valid Percent: 10.00%, Whitelist: 0, IPv4: 3, IPv6: 27, Min Delay: 5 ms, Max Speed: 16.45 M/s, Avg Speed: 5.48 M/s, Max Resolution: 720x576
Category: 卫视高清, Name: 甘肃卫视, Total: 26, Valid: 3, Valid Percent: 11.54%, Whitelist: 0, IPv4: 3, IPv6: 23, Min Delay: 57 ms, Max Speed: 66.15 M/s, Avg Speed: 23.61 M/s, Max Resolution: 1920x1080
Category: 卫视高清, Name: 广东卫视, Total: 100, Valid: 3, Valid Percent: 3.00%, Whitelist: 0, IPv4: 3, IPv6: 97, Min Delay: 113 ms, Max Speed: 108.67 M/s, Avg Speed: 40.70 M/s, Max Resolution: 1920x1080
Category: 卫视高清, Name: 广西卫视, Total: 32, Valid: 5, Valid Percent: 15.62%, Whitelist: 0, IPv4: 5, IPv6: 27, Min Delay: 60 ms, Max Speed: 63.73 M/s, Avg Speed: 32.12 M/s, Max Resolution: 1920x1080
Category: 卫视高清, Name: 贵州卫视, Total: 28, Valid: 5, Valid Percent: 17.86%, Whitelist: 0, IPv4: 5, IPv6: 23, Min Delay: 7 ms, Max Speed: 56.23 M/s, Avg Speed: 15.12 M/s, Max Resolution: 1920x1080
Category: 卫视高清, Name: 海南卫视, Total: 150, Valid: 3, Valid Percent: 2.00%, Whitelist: 0, IPv4: 3, IPv6: 147, Min Delay: 7 ms, Max Speed: 67.89 M/s, Avg Speed: 27.06 M/s, Max Resolution: 720x576
Category: 卫视高清, Name: 河北卫视, Total: 37, Valid: 4, Valid Percent: 10.81%, Whitelist: 0, IPv4: 4, IPv6: 33, Min Delay: 7 ms, Max Speed: 58.19 M/s, Avg Speed: 19.46 M/s, Max Resolution: 1920x1080
Category: 卫视高清, Name: 黑龙江卫视, Total: 31, Valid: 5, Valid Percent: 16.13%, Whitelist: 0, IPv4: 5, IPv6: 26, Min Delay: 5 ms, Max Speed: 128.56 M/s, Avg Speed: 52.58 M/s, Max Resolution: None
Category: 卫视高清, Name: 河南卫视, Total: 103, Valid: 8, Valid Percent: 7.77%, Whitelist: 0, IPv4: 8, IPv6: 95, Min Delay: 5 ms, Max Speed: 60.40 M/s, Avg Speed: 31.24 M/s, Max Resolution: 1920x1080
Category: 卫视高清, Name: 湖北卫视, Total: 89, Valid: 0, Valid Percent: 0.00%, Whitelist: 0, IPv4: 0, IPv6: 89, Min Delay: -1 ms, Max Speed: 0.00 M/s, Avg Speed: 0.00 M/s, Max Resolution: None
Category: 卫视高清, Name: 江西卫视, Total: 93, Valid: 5, Valid Percent: 5.38%, Whitelist: 0, IPv4: 5, IPv6: 88, Min Delay: 167 ms, Max Speed: 78.56 M/s, Avg Speed: 30.63 M/s, Max Resolution: 1920x1080
Category: 卫视高清, Name: 吉林卫视, Total: 89, Valid: 3, Valid Percent: 3.37%, Whitelist: 0, IPv4: 3, IPv6: 86, Min Delay: 5 ms, Max Speed: 56.70 M/s, Avg Speed: 24.31 M/s, Max Resolution: None
Category: 卫视高清, Name: 辽宁卫视, Total: 90, Valid: 1, Valid Percent: 1.11%, Whitelist: 0, IPv4: 1, IPv6: 89, Min Delay: 305 ms, Max Speed: 0.00 M/s, Avg Speed: 0.00 M/s, Max Resolution: None
Category: 卫视高清, Name: 山东卫视, Total: 34, Valid: 6, Valid Percent: 17.65%, Whitelist: 0, IPv4: 6, IPv6: 28, Min Delay: 6 ms, Max Speed: 102.27 M/s, Avg Speed: 19.71 M/s, Max Resolution: None
Category: 卫视高清, Name: 深圳卫视, Total: 30, Valid: 1, Valid Percent: 3.33%, Whitelist: 0, IPv4: 1, IPv6: 29, Min Delay: 566 ms, Max Speed: 7.47 M/s, Avg Speed: 7.47 M/s, Max Resolution: 1920x1080
Category: 卫视高清, Name: 四川卫视, Total: 37, Valid: 8, Valid Percent: 21.62%, Whitelist: 0, IPv4: 8, IPv6: 29, Min Delay: 5 ms, Max Speed: 62.17 M/s, Avg Speed: 24.05 M/s, Max Resolution: 1920x1080
Category: 卫视高清, Name: 天津卫视, Total: 30, Valid: 3, Valid Percent: 10.00%, Whitelist: 0, IPv4: 3, IPv6: 27, Min Delay: 115 ms, Max Speed: 105.92 M/s, Avg Speed: 66.84 M/s, Max Resolution: None
Category: 卫视高清, Name: 云南卫视, Total: 28, Valid: 6, Valid Percent: 21.43%, Whitelist: 0, IPv4: 6, IPv6: 22, Min Delay: 73 ms, Max Speed: 61.41 M/s, Avg Speed: 11.49 M/s, Max Resolution: 1920x1080
Category: 卫视高清, Name: 新疆卫视, Total: 22, Valid: 2, Valid Percent: 9.09%, Whitelist: 0, IPv4: 2, IPv6: 20, Min Delay: 288 ms, Max Speed: 7.37 M/s, Avg Speed: 3.68 M/s, Max Resolution: 1920x1080
Category: 卫视高清, Name: 三沙卫视, Total: 76, Valid: 1, Valid Percent: 1.32%, Whitelist: 0, IPv4: 1, IPv6: 75, Min Delay: 617 ms, Max Speed: 0.00 M/s, Avg Speed: 0.00 M/s, Max Resolution: None
Category: 卫视高清, Name: 青海卫视, Total: 88, Valid: 2, Valid Percent: 2.27%, Whitelist: 0, IPv4: 2, IPv6: 86, Min Delay: 301 ms, Max Speed: 5.20 M/s, Avg Speed: 2.60 M/s, Max Resolution: 1920x1080
Category: 卫视高清, Name: 陕西卫视, Total: 88, Valid: 2, Valid Percent: 2.27%, Whitelist: 0, IPv4: 2, IPv6: 86, Min Delay: 296 ms, Max Speed: 5.98 M/s, Avg Speed: 2.99 M/s, Max Resolution: 1920x1080
Category: 卫视高清, Name: 山西卫视, Total: 24, Valid: 4, Valid Percent: 16.67%, Whitelist: 0, IPv4: 4, IPv6: 20, Min Delay: 7 ms, Max Speed: 98.11 M/s, Avg Speed: 56.45 M/s, Max Resolution: 1920x1080
Category: 卫视高清, Name: 西藏卫视, Total: 13, Valid: 3, Valid Percent: 23.08%, Whitelist: 0, IPv4: 3, IPv6: 10, Min Delay: 134 ms, Max Speed: 103.91 M/s, Avg Speed: 36.47 M/s, Max Resolution: 1920x1080
Category: 卫视高清, Name: 内蒙古卫视, Total: 82, Valid: 3, Valid Percent: 3.66%, Whitelist: 0, IPv4: 3, IPv6: 79, Min Delay: 7 ms, Max Speed: 14.14 M/s, Avg Speed: 9.26 M/s, Max Resolution: 1920x1080
Category: 卫视高清, Name: 宁夏卫视, Total: 63, Valid: 3, Valid Percent: 4.76%, Whitelist: 0, IPv4: 3, IPv6: 60, Min Delay: 6 ms, Max Speed: 16.58 M/s, Avg Speed: 8.21 M/s, Max Resolution: 1920x1080
Category: 卫视高清, Name: 兵团卫视, Total: 78, Valid: 2, Valid Percent: 2.56%, Whitelist: 0, IPv4: 2, IPv6: 76, Min Delay: 296 ms, Max Speed: 0.00 M/s, Avg Speed: 0.00 M/s, Max Resolution: 1920x1080
Category: 卫视高清, Name: 安多卫视, Total: 6, Valid: 0, Valid Percent: 0.00%, Whitelist: 0, IPv4: 0, IPv6: 6, Min Delay: -1 ms, Max Speed: 0.00 M/s, Avg Speed: 0.00 M/s, Max Resolution: None
Category: 卫视高清, Name: 康巴卫视, Total: 3, Valid: 0, Valid Percent: 0.00%, Whitelist: 0, IPv4: 0, IPv6: 3, Min Delay: -1 ms, Max Speed: 0.00 M/s, Avg Speed: 0.00 M/s, Max Resolution: None
Category: 卫视高清, Name: 大湾区卫视, Total: 73, Valid: 0, Valid Percent: 0.00%, Whitelist: 0, IPv4: 0, IPv6: 73, Min Delay: -1 ms, Max Speed: 0.00 M/s, Avg Speed: 0.00 M/s, Max Resolution: None
Category: 卫视高清, Name: 农林卫视, Total: 59, Valid: 0, Valid Percent: 0.00%, Whitelist: 0, IPv4: 0, IPv6: 59, Min Delay: -1 ms, Max Speed: 0.00 M/s, Avg Speed: 0.00 M/s, Max Resolution: None
Category: 卫视高清, Name: 延边卫视, Total: 5, Valid: 1, Valid Percent: 20.00%, Whitelist: 0, IPv4: 1, IPv6: 4, Min Delay: 7 ms, Max Speed: 14.25 M/s, Avg Speed: 14.25 M/s, Max Resolution: None
Category: 卫视高清, Name: 厦门卫视, Total: 2, Valid: 0, Valid Percent: 0.00%, Whitelist: 0, IPv4: 0, IPv6: 2, Min Delay: -1 ms, Max Speed: 0.00 M/s, Avg Speed: 0.00 M/s, Max Resolution: None
Category: 数字高清, Name: CHC高清电影, Total: 1, Valid: 0, Valid Percent: 0.00%, Whitelist: 0, IPv4: 0, IPv6: 1, Min Delay: -1 ms, Max Speed: 0.00 M/s, Avg Speed: 0.00 M/s, Max Resolution: None
Category: 数字高清, Name: CHC家庭影院, Total: 43, Valid: 1, Valid Percent: 2.33%, Whitelist: 0, IPv4: 1, IPv6: 42, Min Delay: 2007 ms, Max Speed: 9.17 M/s, Avg Speed: 9.17 M/s, Max Resolution: None
Category: 数字高清, Name: CHC动作电影, Total: 38, Valid: 3, Valid Percent: 7.89%, Whitelist: 0, IPv4: 3, IPv6: 35, Min Delay: 592 ms, Max Speed: 38.50 M/s, Avg Speed: 22.86 M/s, Max Resolution: 1920x1080
Category: 数字高清, Name: 求索纪录, Total: 1, Valid: 0, Valid Percent: 0.00%, Whitelist: 0, IPv4: 0, IPv6: 1, Min Delay: -1 ms, Max Speed: 0.00 M/s, Avg Speed: 0.00 M/s, Max Resolution: None
Category: 数字高清, Name: 求索科学, Total: 1, Valid: 0, Valid Percent: 0.00%, Whitelist: 0, IPv4: 0, IPv6: 1, Min Delay: -1 ms, Max Speed: 0.00 M/s, Avg Speed: 0.00 M/s, Max Resolution: None
Category: 数字高清, Name: 求索动物, Total: 1, Valid: 0, Valid Percent: 0.00%, Whitelist: 0, IPv4: 0, IPv6: 1, Min Delay: -1 ms, Max Speed: 0.00 M/s, Avg Speed: 0.00 M/s, Max Resolution: None
Category: 数字高清, Name: 求索生活, Total: 1, Valid: 0, Valid Percent: 0.00%, Whitelist: 0, IPv4: 0, IPv6: 1, Min Delay: -1 ms, Max Speed: 0.00 M/s, Avg Speed: 0.00 M/s, Max Resolution: None
Category: 数字高清, Name: 黑莓电影, Total: 1, Valid: 0, Valid Percent: 0.00%, Whitelist: 0, IPv4: 0, IPv6: 1, Min Delay: -1 ms, Max Speed: 0.00 M/s, Avg Speed: 0.00 M/s, Max Resolution: None
Category: 数字高清, Name: 黑莓动画, Total: 1, Valid: 0, Valid Percent: 0.00%, Whitelist: 0, IPv4: 0, IPv6: 1, Min Delay: -1 ms, Max Speed: 0.00 M/s, Avg Speed: 0.00 M/s, Max Resolution: None
Category: 数字高清, Name: 哒啵电竞, Total: 1, Valid: 0, Valid Percent: 0.00%, Whitelist: 0, IPv4: 0, IPv6: 1, Min Delay: -1 ms, Max Speed: 0.00 M/s, Avg Speed: 0.00 M/s, Max Resolution: None
Category: 数字高清, Name: 哒啵赛事, Total: 1, Valid: 0, Valid Percent: 0.00%, Whitelist: 0, IPv4: 0, IPv6: 1, Min Delay: -1 ms, Max Speed: 0.00 M/s, Avg Speed: 0.00 M/s, Max Resolution: None
Category: 数字高清, Name: 乐游, Total: 4, Valid: 0, Valid Percent: 0.00%, Whitelist: 0, IPv4: 0, IPv6: 4, Min Delay: -1 ms, Max Speed: 0.00 M/s, Avg Speed: 0.00 M/s, Max Resolution: None
Category: 数字高清, Name: 纪实人文, Total: 3, Valid: 0, Valid Percent: 0.00%, Whitelist: 0, IPv4: 0, IPv6: 3, Min Delay: -1 ms, Max Speed: 0.00 M/s, Avg Speed: 0.00 M/s, Max Resolution: None
Category: 数字高清, Name: 纯享4K, Total: 3, Valid: 2, Valid Percent: 66.67%, Whitelist: 0, IPv4: 2, IPv6: 1, Min Delay: 88 ms, Max Speed: 21.33 M/s, Avg Speed: 20.37 M/s, Max Resolution: 1920x1080
Category: 数字高清, Name: 风云剧场, Total: 5, Valid: 0, Valid Percent: 0.00%, Whitelist: 0, IPv4: 0, IPv6: 5, Min Delay: -1 ms, Max Speed: 0.00 M/s, Avg Speed: 0.00 M/s, Max Resolution: None
Category: 数字高清, Name: 风云音乐, Total: 6, Valid: 1, Valid Percent: 16.67%, Whitelist: 0, IPv4: 1, IPv6: 5, Min Delay: 993 ms, Max Speed: 0.85 M/s, Avg Speed: 0.85 M/s, Max Resolution: 1920x1080
Category: 数字高清, Name: 第一剧场, Total: 11, Valid: 2, Valid Percent: 18.18%, Whitelist: 0, IPv4: 2, IPv6: 9, Min Delay: 46 ms, Max Speed: 0.56 M/s, Avg Speed: 0.47 M/s, Max Resolution: 1920x1080
Category: 数字高清, Name: 女性时尚, Total: 3, Valid: 0, Valid Percent: 0.00%, Whitelist: 0, IPv4: 0, IPv6: 3, Min Delay: -1 ms, Max Speed: 0.00 M/s, Avg Speed: 0.00 M/s, Max Resolution: None
Category: 数字高清, Name: 风云足球, Total: 6, Valid: 0, Valid Percent: 0.00%, Whitelist: 0, IPv4: 0, IPv6: 6, Min Delay: -1 ms, Max Speed: 0.00 M/s, Avg Speed: 0.00 M/s, Max Resolution: None
Category: 数字高清, Name: 兵器科技, Total: 3, Valid: 0, Valid Percent: 0.00%, Whitelist: 0, IPv4: 0, IPv6: 3, Min Delay: -1 ms, Max Speed: 0.00 M/s, Avg Speed: 0.00 M/s, Max Resolution: None
Category: 数字高清, Name: 怀旧剧场, Total: 5, Valid: 0, Valid Percent: 0.00%, Whitelist: 0, IPv4: 0, IPv6: 5, Min Delay: -1 ms, Max Speed: 0.00 M/s, Avg Speed: 0.00 M/s, Max Resolution: None
Category: 数字高清, Name: 世界地理, Total: 3, Valid: 1, Valid Percent: 33.33%, Whitelist: 0, IPv4: 1, IPv6: 2, Min Delay: 296 ms, Max Speed: 0.00 M/s, Avg Speed: 0.00 M/s, Max Resolution: None
Category: 数字高清, Name: 文化精品, Total: 5, Valid: 1, Valid Percent: 20.00%, Whitelist: 0, IPv4: 1, IPv6: 4, Min Delay: 787 ms, Max Speed: 2.91 M/s, Avg Speed: 2.91 M/s, Max Resolution: 1920x1080
Category: 数字高清, Name: 央视台球, Total: 5, Valid: 0, Valid Percent: 0.00%, Whitelist: 0, IPv4: 0, IPv6: 5, Min Delay: -1 ms, Max Speed: 0.00 M/s, Avg Speed: 0.00 M/s, Max Resolution: None
Category: 数字高清, Name: 高尔夫网球, Total: 4, Valid: 0, Valid Percent: 0.00%, Whitelist: 0, IPv4: 0, IPv6: 4, Min Delay: -1 ms, Max Speed: 0.00 M/s, Avg Speed: 0.00 M/s, Max Resolution: None
Category: 数字高清, Name: 电视指南, Total: 2, Valid: 0, Valid Percent: 0.00%, Whitelist: 0, IPv4: 0, IPv6: 2, Min Delay: -1 ms, Max Speed: 0.00 M/s, Avg Speed: 0.00 M/s, Max Resolution: None
Category: 数字高清, Name: 都市剧场, Total: 13, Valid: 1, Valid Percent: 7.69%, Whitelist: 0, IPv4: 1, IPv6: 12, Min Delay: 9 ms, Max Speed: 11.85 M/s, Avg Speed: 11.85 M/s, Max Resolution: None
Category: 数字高清, Name: 金色学堂, Total: 4, Valid: 0, Valid Percent: 0.00%, Whitelist: 0, IPv4: 0, IPv6: 4, Min Delay: -1 ms, Max Speed: 0.00 M/s, Avg Speed: 0.00 M/s, Max Resolution: None
Category: 数字高清, Name: 哈哈炫动, Total: 70, Valid: 0, Valid Percent: 0.00%, Whitelist: 0, IPv4: 0, IPv6: 70, Min Delay: -1 ms, Max Speed: 0.00 M/s, Avg Speed: 0.00 M/s, Max Resolution: None
Category: 数字高清, Name: 游戏风云, Total: 8, Valid: 0, Valid Percent: 0.00%, Whitelist: 0, IPv4: 0, IPv6: 8, Min Delay: -1 ms, Max Speed: 0.00 M/s, Avg Speed: 0.00 M/s, Max Resolution: None
Category: 数字高清, Name: 欢笑剧场, Total: 13, Valid: 0, Valid Percent: 0.00%, Whitelist: 0, IPv4: 0, IPv6: 13, Min Delay: -1 ms, Max Speed: 0.00 M/s, Avg Speed: 0.00 M/s, Max Resolution: None
Category: 数字高清, Name: 第一财经, Total: 16, Valid: 1, Valid Percent: 6.25%, Whitelist: 0, IPv4: 1, IPv6: 15, Min Delay: 1023 ms, Max Speed: 0.06 M/s, Avg Speed: 0.06 M/s, Max Resolution: None
Category: 数字高清, Name: 武术世界, Total: 1, Valid: 0, Valid Percent: 0.00%, Whitelist: 0, IPv4: 0, IPv6: 1, Min Delay: -1 ms, Max Speed: 0.00 M/s, Avg Speed: 0.00 M/s, Max Resolution: None
Category: 数字高清, Name: 文物宝库, Total: 227, Valid: 172, Valid Percent: 75.77%, Whitelist: 0, IPv4: 172, IPv6: 55, Min Delay: 2004 ms, Max Speed: 0.62 M/s, Avg Speed: 0.55 M/s, Max Resolution: 1920x1080
Category: 数字高清, Name: 梨园, Total: 3, Valid: 2, Valid Percent: 66.67%, Whitelist: 0, IPv4: 2, IPv6: 1, Min Delay: 2376 ms, Max Speed: 0.62 M/s, Avg Speed: 0.62 M/s, Max Resolution: 1920x1080
Category: 数字高清, Name: 天元围棋, Total: 2, Valid: 0, Valid Percent: 0.00%, Whitelist: 0, IPv4: 0, IPv6: 2, Min Delay: -1 ms, Max Speed: 0.00 M/s, Avg Speed: 0.00 M/s, Max Resolution: None
Category: 数字高清, Name: 弈坛春秋, Total: 1, Valid: 0, Valid Percent: 0.00%, Whitelist: 0, IPv4: 0, IPv6: 1, Min Delay: -1 ms, Max Speed: 0.00 M/s, Avg Speed: 0.00 M/s, Max Resolution: None
Category: 数字高清, Name: 劲爆体育, Total: 7, Valid: 0, Valid Percent: 0.00%, Whitelist: 0, IPv4: 0, IPv6: 7, Min Delay: -1 ms, Max Speed: 0.00 M/s, Avg Speed: 0.00 M/s, Max Resolution: None
Category: 国际时事, Name: 凤凰中文, Total: 163, Valid: 3, Valid Percent: 1.84%, Whitelist: 0, IPv4: 4, IPv6: 159, Min Delay: 5968 ms, Max Speed: 0.15 M/s, Avg Speed: 0.08 M/s, Max Resolution: 1920x1080
Category: 国际时事, Name: 凤凰资讯, Total: 166, Valid: 2, Valid Percent: 1.20%, Whitelist: 0, IPv4: 3, IPv6: 163, Min Delay: 2129 ms, Max Speed: 0.14 M/s, Avg Speed: 0.14 M/s, Max Resolution: 1920x1080
Category: 国际时事, Name: 凤凰香港, Total: 143, Valid: 0, Valid Percent: 0.00%, Whitelist: 0, IPv4: 0, IPv6: 143, Min Delay: -1 ms, Max Speed: 0.00 M/s, Avg Speed: 0.00 M/s, Max Resolution: None
Category: 国际时事, Name: NHK World, Total: 1, Valid: 0, Valid Percent: 0.00%, Whitelist: 0, IPv4: 0, IPv6: 1, Min Delay: -1 ms, Max Speed: 0.00 M/s, Avg Speed: 0.00 M/s, Max Resolution: None
Category: 国际时事, Name: CNA, Total: 12, Valid: 0, Valid Percent: 0.00%, Whitelist: 0, IPv4: 0, IPv6: 12, Min Delay: -1 ms, Max Speed: 0.00 M/s, Avg Speed: 0.00 M/s, Max Resolution: None
Category: 国际时事, Name: Arirang TV, Total: 1, Valid: 1, Valid Percent: 100.00%, Whitelist: 0, IPv4: 1, IPv6: 0, Min Delay: 2182 ms, Max Speed: 0.62 M/s, Avg Speed: 0.62 M/s, Max Resolution: 1920x1080
Category: 国际时事, Name: RT News, Total: 1, Valid: 1, Valid Percent: 100.00%, Whitelist: 0, IPv4: 1, IPv6: 0, Min Delay: 1385 ms, Max Speed: 1.42 M/s, Avg Speed: 1.42 M/s, Max Resolution: 1920x1080
Category: 国际时事, Name: RT Documentary, Total: 1, Valid: 1, Valid Percent: 100.00%, Whitelist: 0, IPv4: 1, IPv6: 0, Min Delay: 1545 ms, Max Speed: 2.29 M/s, Avg Speed: 2.29 M/s, Max Resolution: 1920x1080
Category: 国际时事, Name: CGTN, Total: 33, Valid: 1, Valid Percent: 3.03%, Whitelist: 0, IPv4: 1, IPv6: 32, Min Delay: 307 ms, Max Speed: 16.84 M/s, Avg Speed: 16.84 M/s, Max Resolution: 1920x1080
Category: 国际时事, Name: CGTN Documentary, Total: 2, Valid: 0, Valid Percent: 0.00%, Whitelist: 0, IPv4: 0, IPv6: 2, Min Delay: -1 ms, Max Speed: 0.00 M/s, Avg Speed: 0.00 M/s, Max Resolution: None
Category: 国际时事, Name: CGTN Français, Total: 1, Valid: 0, Valid Percent: 0.00%, Whitelist: 0, IPv4: 0, IPv6: 1, Min Delay: -1 ms, Max Speed: 0.00 M/s, Avg Speed: 0.00 M/s, Max Resolution: None
Category: 国际时事, Name: CGTN Русский, Total: 1, Valid: 0, Valid Percent: 0.00%, Whitelist: 0, IPv4: 0, IPv6: 1, Min Delay: -1 ms, Max Speed: 0.00 M/s, Avg Speed: 0.00 M/s, Max Resolution: None
Category: 国际时事, Name: CGTN Español, Total: 1, Valid: 0, Valid Percent: 0.00%, Whitelist: 0, IPv4: 0, IPv6: 1, Min Delay: -1 ms, Max Speed: 0.00 M/s, Avg Speed: 0.00 M/s, Max Resolution: None
Category: 国际时事, Name: CGTN العربية, Total: 1, Valid: 0, Valid Percent: 0.00%, Whitelist: 0, IPv4: 0, IPv6: 1, Min Delay: -1 ms, Max Speed: 0.00 M/s, Avg Speed: 0.00 M/s, Max Resolution: None
Category: 地方特色, Name: 茶频道, Total: 1, Valid: 0, Valid Percent: 0.00%, Whitelist: 0, IPv4: 0, IPv6: 1, Min Delay: -1 ms, Max Speed: 0.00 M/s, Avg Speed: 0.00 M/s, Max Resolution: None
Category: 地方特色, Name: 快乐垂钓, Total: 50, Valid: 0, Valid Percent: 0.00%, Whitelist: 0, IPv4: 0, IPv6: 50, Min Delay: -1 ms, Max Speed: 0.00 M/s, Avg Speed: 0.00 M/s, Max Resolution: None
Category: 地方特色, Name: 金鹰纪实, Total: 15, Valid: 0, Valid Percent: 0.00%, Whitelist: 0, IPv4: 0, IPv6: 15, Min Delay: -1 ms, Max Speed: 0.00 M/s, Avg Speed: 0.00 M/s, Max Resolution: None
Category: 地方特色, Name: 金鹰卡通, Total: 17, Valid: 0, Valid Percent: 0.00%, Whitelist: 0, IPv4: 0, IPv6: 17, Min Delay: -1 ms, Max Speed: 0.00 M/s, Avg Speed: 0.00 M/s, Max Resolution: None
Category: 地方特色, Name: 先锋乒羽, Total: 4, Valid: 2, Valid Percent: 50.00%, Whitelist: 0, IPv4: 2, IPv6: 2, Min Delay: 88 ms, Max Speed: 21.30 M/s, Avg Speed: 14.49 M/s, Max Resolution: 1920x1080
Category: 地方特色, Name: 湖南经视, Total: 9, Valid: 0, Valid Percent: 0.00%, Whitelist: 0, IPv4: 0, IPv6: 9, Min Delay: -1 ms, Max Speed: 0.00 M/s, Avg Speed: 0.00 M/s, Max Resolution: None
Category: 地方特色, Name: 湖南都市, Total: 9, Valid: 0, Valid Percent: 0.00%, Whitelist: 0, IPv4: 0, IPv6: 9, Min Delay: -1 ms, Max Speed: 0.00 M/s, Avg Speed: 0.00 M/s, Max Resolution: None
Category: 地方特色, Name: 湖南爱晚, Total: 2, Valid: 0, Valid Percent: 0.00%, Whitelist: 0, IPv4: 0, IPv6: 2, Min Delay: -1 ms, Max Speed: 0.00 M/s, Avg Speed: 0.00 M/s, Max Resolution: None
Category: 地方特色, Name: 湖南国际, Total: 3, Valid: 0, Valid Percent: 0.00%, Whitelist: 0, IPv4: 0, IPv6: 3, Min Delay: -1 ms, Max Speed: 0.00 M/s, Avg Speed: 0.00 M/s, Max Resolution: None
Category: 地方特色, Name: 湖南娱乐, Total: 3, Valid: 0, Valid Percent: 0.00%, Whitelist: 0, IPv4: 0, IPv6: 3, Min Delay: -1 ms, Max Speed: 0.00 M/s, Avg Speed: 0.00 M/s, Max Resolution: None
Category: 地方特色, Name: 湖南电影, Total: 3, Valid: 0, Valid Percent: 0.00%, Whitelist: 0, IPv4: 0, IPv6: 3, Min Delay: -1 ms, Max Speed: 0.00 M/s, Avg Speed: 0.00 M/s, Max Resolution: None
Category: 地方特色, Name: 湖南电视剧, Total: 10, Valid: 0, Valid Percent: 0.00%, Whitelist: 0, IPv4: 0, IPv6: 10, Min Delay: -1 ms, Max Speed: 0.00 M/s, Avg Speed: 0.00 M/s, Max Resolution: None
Category: 地方特色, Name: 长沙新闻, Total: 1, Valid: 0, Valid Percent: 0.00%, Whitelist: 0, IPv4: 0, IPv6: 1, Min Delay: -1 ms, Max Speed: 0.00 M/s, Avg Speed: 0.00 M/s, Max Resolution: None
Category: 地方特色, Name: 山西卫视, Total: 19, Valid: 0, Valid Percent: 0.00%, Whitelist: 0, IPv4: 0, IPv6: 19, Min Delay: -1 ms, Max Speed: 0.00 M/s, Avg Speed: 0.00 M/s, Max Resolution: None
Category: 地方特色, Name: 湖北综合, Total: 3, Valid: 0, Valid Percent: 0.00%, Whitelist: 0, IPv4: 0, IPv6: 3, Min Delay: -1 ms, Max Speed: 0.00 M/s, Avg Speed: 0.00 M/s, Max Resolution: None
Category: 地方特色, Name: 湖北影视, Total: 4, Valid: 0, Valid Percent: 0.00%, Whitelist: 0, IPv4: 0, IPv6: 4, Min Delay: -1 ms, Max Speed: 0.00 M/s, Avg Speed: 0.00 M/s, Max Resolution: None
Category: 地方特色, Name: 湖北教育, Total: 4, Valid: 0, Valid Percent: 0.00%, Whitelist: 0, IPv4: 0, IPv6: 4, Min Delay: -1 ms, Max Speed: 0.00 M/s, Avg Speed: 0.00 M/s, Max Resolution: None
Category: 地方特色, Name: 湖北生活, Total: 5, Valid: 0, Valid Percent: 0.00%, Whitelist: 0, IPv4: 0, IPv6: 5, Min Delay: -1 ms, Max Speed: 0.00 M/s, Avg Speed: 0.00 M/s, Max Resolution: None
Category: 地方特色, Name: 湖北公共, Total: 2, Valid: 0, Valid Percent: 0.00%, Whitelist: 0, IPv4: 0, IPv6: 2, Min Delay: -1 ms, Max Speed: 0.00 M/s, Avg Speed: 0.00 M/s, Max Resolution: None
Category: 地方特色, Name: 湖北经视, Total: 5, Valid: 0, Valid Percent: 0.00%, Whitelist: 0, IPv4: 0, IPv6: 5, Min Delay: -1 ms, Max Speed: 0.00 M/s, Avg Speed: 0.00 M/s, Max Resolution: None
Category: 地方特色, Name: 湖北垄上, Total: 3, Valid: 0, Valid Percent: 0.00%, Whitelist: 0, IPv4: 0, IPv6: 3, Min Delay: -1 ms, Max Speed: 0.00 M/s, Avg Speed: 0.00 M/s, Max Resolution: None
Category: 地方特色, Name: 浙江钱江都市, Total: 3, Valid: 0, Valid Percent: 0.00%, Whitelist: 0, IPv4: 0, IPv6: 3, Min Delay: -1 ms, Max Speed: 0.00 M/s, Avg Speed: 0.00 M/s, Max Resolution: None
Category: 地方特色, Name: 浙江经济生活, Total: 5, Valid: 0, Valid Percent: 0.00%, Whitelist: 0, IPv4: 0, IPv6: 5, Min Delay: -1 ms, Max Speed: 0.00 M/s, Avg Speed: 0.00 M/s, Max Resolution: None
Category: 地方特色, Name: 浙江科教影视, Total: 1, Valid: 1, Valid Percent: 100.00%, Whitelist: 0, IPv4: 1, IPv6: 0, Min Delay: 2353 ms, Max Speed: 0.76 M/s, Avg Speed: 0.76 M/s, Max Resolution: 1920x1080
Category: 地方特色, Name: 浙江民生休闲, Total: 8, Valid: 1, Valid Percent: 12.50%, Whitelist: 0, IPv4: 1, IPv6: 7, Min Delay: 2364 ms, Max Speed: 1.02 M/s, Avg Speed: 1.02 M/s, Max Resolution: 1920x1080
Category: 地方特色, Name: 浙江公共新闻, Total: 4, Valid: 0, Valid Percent: 0.00%, Whitelist: 0, IPv4: 0, IPv6: 4, Min Delay: -1 ms, Max Speed: 0.00 M/s, Avg Speed: 0.00 M/s, Max Resolution: None
Category: 地方特色, Name: 浙江少儿, Total: 7, Valid: 0, Valid Percent: 0.00%, Whitelist: 0, IPv4: 0, IPv6: 7, Min Delay: -1 ms, Max Speed: 0.00 M/s, Avg Speed: 0.00 M/s, Max Resolution: None
Category: 地方特色, Name: 浙江国际, Total: 13, Valid: 0, Valid Percent: 0.00%, Whitelist: 0, IPv4: 0, IPv6: 13, Min Delay: -1 ms, Max Speed: 0.00 M/s, Avg Speed: 0.00 M/s, Max Resolution: None
Category: 地方特色, Name: 纪实科教, Total: 3, Valid: 0, Valid Percent: 0.00%, Whitelist: 0, IPv4: 0, IPv6: 3, Min Delay: -1 ms, Max Speed: 0.00 M/s, Avg Speed: 0.00 M/s, Max Resolution: None
Category: 地方特色, Name: 卡酷少儿, Total: 1, Valid: 0, Valid Percent: 0.00%, Whitelist: 0, IPv4: 0, IPv6: 1, Min Delay: -1 ms, Max Speed: 0.00 M/s, Avg Speed: 0.00 M/s, Max Resolution: None
Category: 地方特色, Name: 陕西新闻资讯, Total: 23, Valid: 0, Valid Percent: 0.00%, Whitelist: 0, IPv4: 0, IPv6: 23, Min Delay: -1 ms, Max Speed: 0.00 M/s, Avg Speed: 0.00 M/s, Max Resolution: None
Category: 地方特色, Name: 陕西都市青春, Total: 23, Valid: 0, Valid Percent: 0.00%, Whitelist: 0, IPv4: 0, IPv6: 23, Min Delay: -1 ms, Max Speed: 0.00 M/s, Avg Speed: 0.00 M/s, Max Resolution: None
Category: 地方特色, Name: 陕西生活, Total: 1, Valid: 0, Valid Percent: 0.00%, Whitelist: 0, IPv4: 0, IPv6: 1, Min Delay: -1 ms, Max Speed: 0.00 M/s, Avg Speed: 0.00 M/s, Max Resolution: None
Category: 地方特色, Name: 陕西影视, Total: 1, Valid: 0, Valid Percent: 0.00%, Whitelist: 0, IPv4: 0, IPv6: 1, Min Delay: -1 ms, Max Speed: 0.00 M/s, Avg Speed: 0.00 M/s, Max Resolution: None
Category: 地方特色, Name: 陕西公共, Total: 2, Valid: 0, Valid Percent: 0.00%, Whitelist: 0, IPv4: 0, IPv6: 2, Min Delay: -1 ms, Max Speed: 0.00 M/s, Avg Speed: 0.00 M/s, Max Resolution: None
Category: 地方特色, Name: 陕西体育休闲, Total: 7, Valid: 0, Valid Percent: 0.00%, Whitelist: 0, IPv4: 0, IPv6: 7, Min Delay: -1 ms, Max Speed: 0.00 M/s, Avg Speed: 0.00 M/s, Max Resolution: None
Category: 地方特色, Name: 陕西西部电影, Total: 1, Valid: 0, Valid Percent: 0.00%, Whitelist: 0, IPv4: 0, IPv6: 1, Min Delay: -1 ms, Max Speed: 0.00 M/s, Avg Speed: 0.00 M/s, Max Resolution: None
Category: 地方特色, Name: 黑龙江新闻法治, Total: 8, Valid: 0, Valid Percent: 0.00%, Whitelist: 0, IPv4: 0, IPv6: 8, Min Delay: -1 ms, Max Speed: 0.00 M/s, Avg Speed: 0.00 M/s, Max Resolution: None
Category: 地方特色, Name: 黑龙江文体, Total: 8, Valid: 0, Valid Percent: 0.00%, Whitelist: 0, IPv4: 0, IPv6: 8, Min Delay: -1 ms, Max Speed: 0.00 M/s, Avg Speed: 0.00 M/s, Max Resolution: None
Category: 地方特色, Name: 黑龙江影视, Total: 7, Valid: 0, Valid Percent: 0.00%, Whitelist: 0, IPv4: 0, IPv6: 7, Min Delay: -1 ms, Max Speed: 0.00 M/s, Avg Speed: 0.00 M/s, Max Resolution: None
Category: 地方特色, Name: 黑龙江都市, Total: 9, Valid: 0, Valid Percent: 0.00%, Whitelist: 0, IPv4: 0, IPv6: 9, Min Delay: -1 ms, Max Speed: 0.00 M/s, Avg Speed: 0.00 M/s, Max Resolution: None
Category: 地方特色, Name: 黑龙江公共农村, Total: 2, Valid: 0, Valid Percent: 0.00%, Whitelist: 0, IPv4: 0, IPv6: 2, Min Delay: -1 ms, Max Speed: 0.00 M/s, Avg Speed: 0.00 M/s, Max Resolution: None
Category: 地方特色, Name: 黑龙江少儿, Total: 6, Valid: 0, Valid Percent: 0.00%, Whitelist: 0, IPv4: 0, IPv6: 6, Min Delay: -1 ms, Max Speed: 0.00 M/s, Avg Speed: 0.00 M/s, Max Resolution: None
Category: NewTV系列, Name: NewTV军事评论, Total: 9, Valid: 2, Valid Percent: 22.22%, Whitelist: 0, IPv4: 2, IPv6: 7, Min Delay: 94 ms, Max Speed: 19.89 M/s, Avg Speed: 14.48 M/s, Max Resolution: 1920x1080
Category: NewTV系列, Name: NewTV军旅剧场, Total: 10, Valid: 2, Valid Percent: 20.00%, Whitelist: 0, IPv4: 2, IPv6: 8, Min Delay: 95 ms, Max Speed: 20.88 M/s, Avg Speed: 20.42 M/s, Max Resolution: 1920x1080
Category: NewTV系列, Name: NewTV家庭剧场, Total: 10, Valid: 2, Valid Percent: 20.00%, Whitelist: 0, IPv4: 2, IPv6: 8, Min Delay: 93 ms, Max Speed: 20.10 M/s, Avg Speed: 20.00 M/s, Max Resolution: 1920x1080
Category: NewTV系列, Name: NewTV中国功夫, Total: 11, Valid: 2, Valid Percent: 18.18%, Whitelist: 0, IPv4: 2, IPv6: 9, Min Delay: 94 ms, Max Speed: 16.85 M/s, Avg Speed: 12.45 M/s, Max Resolution: 1920x1080
Category: NewTV系列, Name: NewTV东北热剧, Total: 1, Valid: 0, Valid Percent: 0.00%, Whitelist: 0, IPv4: 0, IPv6: 1, Min Delay: -1 ms, Max Speed: 0.00 M/s, Avg Speed: 0.00 M/s, Max Resolution: None
Category: NewTV系列, Name: NewTV惊悚悬疑, Total: 12, Valid: 2, Valid Percent: 16.67%, Whitelist: 0, IPv4: 2, IPv6: 10, Min Delay: 94 ms, Max Speed: 21.16 M/s, Avg Speed: 20.52 M/s, Max Resolution: 1920x1080
Category: NewTV系列, Name: NewTV明星大片, Total: 6, Valid: 0, Valid Percent: 0.00%, Whitelist: 0, IPv4: 0, IPv6: 6, Min Delay: -1 ms, Max Speed: 0.00 M/s, Avg Speed: 0.00 M/s, Max Resolution: None
Category: NewTV系列, Name: NewTV欢乐剧场, Total: 2, Valid: 0, Valid Percent: 0.00%, Whitelist: 0, IPv4: 0, IPv6: 2, Min Delay: -1 ms, Max Speed: 0.00 M/s, Avg Speed: 0.00 M/s, Max Resolution: None
Category: NewTV系列, Name: NewTV潮妈辣婆, Total: 3, Valid: 0, Valid Percent: 0.00%, Whitelist: 0, IPv4: 0, IPv6: 3, Min Delay: -1 ms, Max Speed: 0.00 M/s, Avg Speed: 0.00 M/s, Max Resolution: None
Category: NewTV系列, Name: NewTV炫舞未来, Total: 5, Valid: 0, Valid Percent: 0.00%, Whitelist: 0, IPv4: 0, IPv6: 5, Min Delay: -1 ms, Max Speed: 0.00 M/s, Avg Speed: 0.00 M/s, Max Resolution: None
Category: NewTV系列, Name: NewTV精品体育, Total: 6, Valid: 0, Valid Percent: 0.00%, Whitelist: 0, IPv4: 0, IPv6: 6, Min Delay: -1 ms, Max Speed: 0.00 M/s, Avg Speed: 0.00 M/s, Max Resolution: None
Category: NewTV系列, Name: NewTV精品大剧, Total: 9, Valid: 2, Valid Percent: 22.22%, Whitelist: 0, IPv4: 2, IPv6: 7, Min Delay: 93 ms, Max Speed: 20.96 M/s, Avg Speed: 20.63 M/s, Max Resolution: 1920x1080
Category: NewTV系列, Name: NewTV超级电影, Total: 1, Valid: 0, Valid Percent: 0.00%, Whitelist: 0, IPv4: 0, IPv6: 1, Min Delay: -1 ms, Max Speed: 0.00 M/s, Avg Speed: 0.00 M/s, Max Resolution: None
Category: NewTV系列, Name: NewTV超级综艺, Total: 1, Valid: 0, Valid Percent: 0.00%, Whitelist: 0, IPv4: 0, IPv6: 1, Min Delay: -1 ms, Max Speed: 0.00 M/s, Avg Speed: 0.00 M/s, Max Resolution: None
Category: NewTV系列, Name: NewTV超级电视剧, Total: 2, Valid: 0, Valid Percent: 0.00%, Whitelist: 0, IPv4: 0, IPv6: 2, Min Delay: -1 ms, Max Speed: 0.00 M/s, Avg Speed: 0.00 M/s, Max Resolution: None
Category: 咪咕体育, Name: 咪咕直播4K-1, Total: 1, Valid: 0, Valid Percent: 0.00%, Whitelist: 0, IPv4: 0, IPv6: 1, Min Delay: -1 ms, Max Speed: 0.00 M/s, Avg Speed: 0.00 M/s, Max Resolution: None
Category: 咪咕体育, Name: 咪咕直播4K-2, Total: 1, Valid: 0, Valid Percent: 0.00%, Whitelist: 0, IPv4: 0, IPv6: 1, Min Delay: -1 ms, Max Speed: 0.00 M/s, Avg Speed: 0.00 M/s, Max Resolution: None
Category: 咪咕体育, Name: 咪咕直播-1, Total: 1, Valid: 0, Valid Percent: 0.00%, Whitelist: 0, IPv4: 0, IPv6: 1, Min Delay: -1 ms, Max Speed: 0.00 M/s, Avg Speed: 0.00 M/s, Max Resolution: None
Category: 咪咕体育, Name: 咪咕直播-2, Total: 1, Valid: 0, Valid Percent: 0.00%, Whitelist: 0, IPv4: 0, IPv6: 1, Min Delay: -1 ms, Max Speed: 0.00 M/s, Avg Speed: 0.00 M/s, Max Resolution: None
Category: 咪咕体育, Name: 咪咕直播-3, Total: 1, Valid: 0, Valid Percent: 0.00%, Whitelist: 0, IPv4: 0, IPv6: 1, Min Delay: -1 ms, Max Speed: 0.00 M/s, Avg Speed: 0.00 M/s, Max Resolution: None
Category: 咪咕体育, Name: 咪咕直播-4, Total: 1, Valid: 0, Valid Percent: 0.00%, Whitelist: 0, IPv4: 0, IPv6: 1, Min Delay: -1 ms, Max Speed: 0.00 M/s, Avg Speed: 0.00 M/s, Max Resolution: None
Category: 咪咕体育, Name: 咪咕直播-5, Total: 1, Valid: 0, Valid Percent: 0.00%, Whitelist: 0, IPv4: 0, IPv6: 1, Min Delay: -1 ms, Max Speed: 0.00 M/s, Avg Speed: 0.00 M/s, Max Resolution: None
Category: 咪咕体育, Name: 咪咕直播-6, Total: 1, Valid: 0, Valid Percent: 0.00%, Whitelist: 0, IPv4: 0, IPv6: 1, Min Delay: -1 ms, Max Speed: 0.00 M/s, Avg Speed: 0.00 M/s, Max Resolution: None
Category: 咪咕体育, Name: 咪咕直播-7, Total: 1, Valid: 0, Valid Percent: 0.00%, Whitelist: 0, IPv4: 0, IPv6: 1, Min Delay: -1 ms, Max Speed: 0.00 M/s, Avg Speed: 0.00 M/s, Max Resolution: None
Category: 咪咕体育, Name: 咪咕直播-8, Total: 1, Valid: 0, Valid Percent: 0.00%, Whitelist: 0, IPv4: 0, IPv6: 1, Min Delay: -1 ms, Max Speed: 0.00 M/s, Avg Speed: 0.00 M/s, Max Resolution: None
Category: 咪咕体育, Name: 咪咕直播-9, Total: 1, Valid: 0, Valid Percent: 0.00%, Whitelist: 0, IPv4: 0, IPv6: 1, Min Delay: -1 ms, Max Speed: 0.00 M/s, Avg Speed: 0.00 M/s, Max Resolution: None
Category: 咪咕体育, Name: 咪咕直播-10, Total: 1, Valid: 0, Valid Percent: 0.00%, Whitelist: 0, IPv4: 0, IPv6: 1, Min Delay: -1 ms, Max Speed: 0.00 M/s, Avg Speed: 0.00 M/s, Max Resolution: None
Category: 咪咕体育, Name: 咪咕直播-11, Total: 1, Valid: 0, Valid Percent: 0.00%, Whitelist: 0, IPv4: 0, IPv6: 1, Min Delay: -1 ms, Max Speed: 0.00 M/s, Avg Speed: 0.00 M/s, Max Resolution: None
Category: 咪咕体育, Name: 咪咕直播-12, Total: 1, Valid: 0, Valid Percent: 0.00%, Whitelist: 0, IPv4: 0, IPv6: 1, Min Delay: -1 ms, Max Speed: 0.00 M/s, Avg Speed: 0.00 M/s, Max Resolution: None
Category: 咪咕体育, Name: 咪咕直播-13, Total: 1, Valid: 0, Valid Percent: 0.00%, Whitelist: 0, IPv4: 0, IPv6: 1, Min Delay: -1 ms, Max Speed: 0.00 M/s, Avg Speed: 0.00 M/s, Max Resolution: None
Category: 咪咕体育, Name: 咪咕直播-14, Total: 1, Valid: 0, Valid Percent: 0.00%, Whitelist: 0, IPv4: 0, IPv6: 1, Min Delay: -1 ms, Max Speed: 0.00 M/s, Avg Speed: 0.00 M/s, Max Resolution: None
Category: 咪咕体育, Name: 咪咕直播-15, Total: 1, Valid: 0, Valid Percent: 0.00%, Whitelist: 0, IPv4: 0, IPv6: 1, Min Delay: -1 ms, Max Speed: 0.00 M/s, Avg Speed: 0.00 M/s, Max Resolution: None
Category: 咪咕体育, Name: 咪咕直播-16, Total: 1, Valid: 0, Valid Percent: 0.00%, Whitelist: 0, IPv4: 0, IPv6: 1, Min Delay: -1 ms, Max Speed: 0.00 M/s, Avg Speed: 0.00 M/s, Max Resolution: None
Category: 咪咕体育, Name: 咪咕直播-17, Total: 1, Valid: 0, Valid Percent: 0.00%, Whitelist: 0, IPv4: 0, IPv6: 1, Min Delay: -1 ms, Max Speed: 0.00 M/s, Avg Speed: 0.00 M/s, Max Resolution: None
Category: 咪咕体育, Name: 咪咕直播-18, Total: 1, Valid: 0, Valid Percent: 0.00%, Whitelist: 0, IPv4: 0, IPv6: 1, Min Delay: -1 ms, Max Speed: 0.00 M/s, Avg Speed: 0.00 M/s, Max Resolution: None
Category: 咪咕体育, Name: 咪咕直播-19, Total: 1, Valid: 0, Valid Percent: 0.00%, Whitelist: 0, IPv4: 0, IPv6: 1, Min Delay: -1 ms, Max Speed: 0.00 M/s, Avg Speed: 0.00 M/s, Max Resolution: None
Category: 咪咕体育, Name: 咪咕直播-20, Total: 1, Valid: 0, Valid Percent: 0.00%, Whitelist: 0, IPv4: 0, IPv6: 1, Min Delay: -1 ms, Max Speed: 0.00 M/s, Avg Speed: 0.00 M/s, Max Resolution: None
Category: 咪咕体育, Name: 咪咕直播-21, Total: 1, Valid: 0, Valid Percent: 0.00%, Whitelist: 0, IPv4: 0, IPv6: 1, Min Delay: -1 ms, Max Speed: 0.00 M/s, Avg Speed: 0.00 M/s, Max Resolution: None
Category: 咪咕体育, Name: 咪咕直播-22, Total: 1, Valid: 0, Valid Percent: 0.00%, Whitelist: 0, IPv4: 0, IPv6: 1, Min Delay: -1 ms, Max Speed: 0.00 M/s, Avg Speed: 0.00 M/s, Max Resolution: None
Category: 咪咕体育, Name: 咪咕直播-23, Total: 1, Valid: 0, Valid Percent: 0.00%, Whitelist: 0, IPv4: 0, IPv6: 1, Min Delay: -1 ms, Max Speed: 0.00 M/s, Avg Speed: 0.00 M/s, Max Resolution: None
Category: 咪咕体育, Name: 咪咕直播-24, Total: 1, Valid: 0, Valid Percent: 0.00%, Whitelist: 0, IPv4: 0, IPv6: 1, Min Delay: -1 ms, Max Speed: 0.00 M/s, Avg Speed: 0.00 M/s, Max Resolution: None
Category: 咪咕体育, Name: 咪咕直播-25, Total: 1, Valid: 0, Valid Percent: 0.00%, Whitelist: 0, IPv4: 0, IPv6: 1, Min Delay: -1 ms, Max Speed: 0.00 M/s, Avg Speed: 0.00 M/s, Max Resolution: None
Category: 咪咕体育, Name: 咪咕直播-26, Total: 1, Valid: 0, Valid Percent: 0.00%, Whitelist: 0, IPv4: 0, IPv6: 1, Min Delay: -1 ms, Max Speed: 0.00 M/s, Avg Speed: 0.00 M/s, Max Resolution: None
Category: 咪咕体育, Name: 咪咕直播-27, Total: 1, Valid: 0, Valid Percent: 0.00%, Whitelist: 0, IPv4: 0, IPv6: 1, Min Delay: -1 ms, Max Speed: 0.00 M/s, Avg Speed: 0.00 M/s, Max Resolution: None
Category: 咪咕体育, Name: 咪咕直播-28, Total: 1, Valid: 0, Valid Percent: 0.00%, Whitelist: 0, IPv4: 0, IPv6: 1, Min Delay: -1 ms, Max Speed: 0.00 M/s, Avg Speed: 0.00 M/s, Max Resolution: None
Category: 咪咕体育, Name: 咪咕直播-29, Total: 1, Valid: 0, Valid Percent: 0.00%, Whitelist: 0, IPv4: 0, IPv6: 1, Min Delay: -1 ms, Max Speed: 0.00 M/s, Avg Speed: 0.00 M/s, Max Resolution: None
Category: 咪咕体育, Name: 咪咕直播-30, Total: 1, Valid: 0, Valid Percent: 0.00%, Whitelist: 0, IPv4: 0, IPv6: 1, Min Delay: -1 ms, Max Speed: 0.00 M/s, Avg Speed: 0.00 M/s, Max Resolution: None
Category: 咪咕体育, Name: 咪咕直播-31, Total: 1, Valid: 0, Valid Percent: 0.00%, Whitelist: 0, IPv4: 0, IPv6: 1, Min Delay: -1 ms, Max Speed: 0.00 M/s, Avg Speed: 0.00 M/s, Max Resolution: None
Category: 咪咕体育, Name: 咪咕直播-32, Total: 1, Valid: 0, Valid Percent: 0.00%, Whitelist: 0, IPv4: 0, IPv6: 1, Min Delay: -1 ms, Max Speed: 0.00 M/s, Avg Speed: 0.00 M/s, Max Resolution: None
Category: 咪咕体育, Name: 咪咕直播-33, Total: 1, Valid: 0, Valid Percent: 0.00%, Whitelist: 0, IPv4: 0, IPv6: 1, Min Delay: -1 ms, Max Speed: 0.00 M/s, Avg Speed: 0.00 M/s, Max Resolution: None
Category: 咪咕体育, Name: 咪咕直播-34, Total: 1, Valid: 0, Valid Percent: 0.00%, Whitelist: 0, IPv4: 0, IPv6: 1, Min Delay: -1 ms, Max Speed: 0.00 M/s, Avg Speed: 0.00 M/s, Max Resolution: None
Category: 咪咕体育, Name: 咪咕直播-35, Total: 1, Valid: 0, Valid Percent: 0.00%, Whitelist: 0, IPv4: 0, IPv6: 1, Min Delay: -1 ms, Max Speed: 0.00 M/s, Avg Speed: 0.00 M/s, Max Resolution: None
Category: 咪咕体育, Name: 咪咕直播-36, Total: 1, Valid: 0, Valid Percent: 0.00%, Whitelist: 0, IPv4: 0, IPv6: 1, Min Delay: -1 ms, Max Speed: 0.00 M/s, Avg Speed: 0.00 M/s, Max Resolution: None
Category: 咪咕体育, Name: 咪咕直播-37, Total: 1, Valid: 0, Valid Percent: 0.00%, Whitelist: 0, IPv4: 0, IPv6: 1, Min Delay: -1 ms, Max Speed: 0.00 M/s, Avg Speed: 0.00 M/s, Max Resolution: None
Category: 咪咕体育, Name: 咪咕直播-38, Total: 1, Valid: 0, Valid Percent: 0.00%, Whitelist: 0, IPv4: 0, IPv6: 1, Min Delay: -1 ms, Max Speed: 0.00 M/s, Avg Speed: 0.00 M/s, Max Resolution: None
Category: 咪咕体育, Name: 咪咕直播-39, Total: 1, Valid: 0, Valid Percent: 0.00%, Whitelist: 0, IPv4: 0, IPv6: 1, Min Delay: -1 ms, Max Speed: 0.00 M/s, Avg Speed: 0.00 M/s, Max Resolution: None
Category: 咪咕体育, Name: 咪咕直播-40, Total: 1, Valid: 0, Valid Percent: 0.00%, Whitelist: 0, IPv4: 0, IPv6: 1, Min Delay: -1 ms, Max Speed: 0.00 M/s, Avg Speed: 0.00 M/s, Max Resolution: None
Category: 咪咕体育, Name: 咪咕直播-41, Total: 1, Valid: 0, Valid Percent: 0.00%, Whitelist: 0, IPv4: 0, IPv6: 1, Min Delay: -1 ms, Max Speed: 0.00 M/s, Avg Speed: 0.00 M/s, Max Resolution: None
Category: 咪咕体育, Name: 咪咕直播-42, Total: 1, Valid: 0, Valid Percent: 0.00%, Whitelist: 0, IPv4: 0, IPv6: 1, Min Delay: -1 ms, Max Speed: 0.00 M/s, Avg Speed: 0.00 M/s, Max Resolution: None
